// Jest Snapshot v1, https://goo.gl/fbAQLP

exports[`accordionStore createAccordionStore initializes a new store 1`] = `
Object {
  "accordion": true,
  "items": Array [],
  "onChange": [MockFunction],
}
`;
